exports["@zazuko/cube-hierarchy-query getHierarchy loads all levels"] = "PREFIX schema: <http://schema.org/>\n\nDESCRIBE <http://example.com/Europe>\n<http://example.com/North-America>\n<http://example.com/South-America>\n<http://example.com/Asia> ?level1\n?level2\n?level3\n?level4\n\nWHERE {\n\n    VALUES ( ?root )\n{\n( <http://example.com/Europe> )\n( <http://example.com/North-America> )\n( <http://example.com/South-America> )\n( <http://example.com/Asia> )\n}\n    \n    ?root ^schema:containedInPlace ?level1 .\n      OPTIONAL {\n        ?level1 ^schema:containedInPlace ?level2 .\n      OPTIONAL {\n        ?level2 ^schema:containedInPlace ?level3 .\n      OPTIONAL {\n        ?level3 schema:containsPlace ?level4 .\n      }\n    \n      }\n    \n      }\n    \n  \n}\n\n";

