// Jest Snapshot v1, https://goo.gl/fbAQLP

exports[`@zazuko/cube-hierarchy-query getHierarchy loads all levels 1`] = `
"PREFIX schema: <http://schema.org/>

CONSTRUCT { 
    ?resource2 schema:containedInPlace ?resource1 .
?resource3 schema:containedInPlace ?resource2 .
?resource4 schema:containedInPlace ?resource3 .
?resource4 schema:containsPlace ?resource5 .
?resource5 ?resource6 ?resource7 .
?resource4 ?resource8 ?resource9 .
?resource3 ?resource10 ?resource11 .
?resource2 ?resource12 ?resource13 .
?resource1 ?resource14 ?resource15 .
   }

WHERE {

    

VALUES ( ?resource1 )
{
( <http://example.com/Europe> )
( <http://example.com/North-America> )
( <http://example.com/South-America> )
( <http://example.com/Asia> )
}
{ 
    { 
    
?resource2 schema:containedInPlace ?resource1 .
 
  } UNION {
      
            
?resource2 schema:containedInPlace ?resource1 .

            

{ 
    { 
    
?resource3 schema:containedInPlace ?resource2 .
 
  } UNION {
      
            
?resource3 schema:containedInPlace ?resource2 .

            

{ 
    { 
    
?resource4 schema:containedInPlace ?resource3 .
 
  } UNION {
      
            
?resource4 schema:containedInPlace ?resource3 .

            

{ 
    { 
    
?resource4 schema:containsPlace ?resource5 .
 
  } UNION {
      
            
?resource4 schema:containsPlace ?resource5 .

            


        ?resource5 ?resource6 ?resource7 .
        
        
      

          
    } 
  } UNION {
      
        ?resource4 ?resource8 ?resource9 .
        

FILTER((!((?resource8 = schema:containsPlace))))
        
      
    }

          
    } 
  } UNION {
      
        ?resource3 ?resource10 ?resource11 .
        
        
      
    }

          
    } 
  } UNION {
      
        ?resource2 ?resource12 ?resource13 .
        
        
      
    }

          
    } 
  } UNION {
      
        ?resource1 ?resource14 ?resource15 .
        
        
      
    }


  
}
"
`;
